2026-09-03 19:39:33 +0000 [MT] Initial pipeline context: <IDEDistributionProcessingPipelineContext: 0x84dcae100; archive(resolved)="<IDEArchive: 0x84b95c070>", distributionTask(resolved)="2", distributionDestination(resolved)="1", distributionMethod(resolved)="<IDEDistributionMethodiOSAppStoreDistribution: 0x84dc0b1f0>", team(resolved)="<IDEProvisioningBasicTeam: 0x84b5f16e0; teamID='KR54WPJ24G', teamName='(null)'>">
	Chain (15, self inclusive):
	<IDEDistributionProcessingPipelineContext: 0x84dcae100; archive = "<IDEArchive: 0x84b95c070>", distributionMethod="<IDEDistributionMethodiOSAppStoreDistribution: 0x84dc0b1f0>", team="<IDEProvisioningBasicTeam: 0x84b5f16e0; teamID='KR54WPJ24G', teamName='(null)'>">
	<IDEDistributionProcessingPipelineContext: 0x84dcacc00; archive = "<IDEArchive: 0x84b95c070>", distributionMethod="<IDEDistributionMethodiOSAppStoreDistribution: 0x84dc0b1f0>", team="<IDEProvisioningBasicTeam: 0x84b5f16e0; teamID='KR54WPJ24G', teamName='(null)'>">
	<IDEDistributionContext: 0x84c85ad00; archive = "<IDEArchive: 0x84b95c070>", distributionMethod="<IDEDistributionMethodiOSAppStoreDistribution: 0x84dc0b1f0>", team="<IDEProvisioningBasicTeam: 0x84b5f16e0; teamID='KR54WPJ24G', teamName='(null)'>">
	<IDEDistributionContext: 0x84c85aa80; archive = "<IDEArchive: 0x84b95c070>", distributionMethod="<IDEDistributionMethodiOSAppStoreDistribution: 0x84dc0b1f0>", team="<IDEProvisioningBasicTeam: 0x84b5f16e0; teamID='KR54WPJ24G', teamName='(null)'>">
	<IDEDistributionContext: 0x84c85a800; archive = "<IDEArchive: 0x84b95c070>", distributionMethod="<IDEDistributionMethodiOSAppStoreDistribution: 0x84dc0b1f0>", team="<IDEProvisioningBasicTeam: 0x84b5f16e0; teamID='KR54WPJ24G', teamName='(null)'>">
	<IDEDistributionContext: 0x84c85a580; archive = "<IDEArchive: 0x84b95c070>", distributionMethod="<IDEDistributionMethodiOSAppStoreDistribution: 0x84dc0b1f0>", team="<IDEProvisioningBasicTeam: 0x84b5f16e0; teamID='KR54WPJ24G', teamName='(null)'>">
	<IDEDistributionContext: 0x84c85a300; archive = "<IDEArchive: 0x84b95c070>", distributionMethod="<IDEDistributionMethodiOSAppStoreDistribution: 0x84dc0b1f0>", team="<IDEProvisioningBasicTeam: 0x84b5f16e0; teamID='KR54WPJ24G', teamName='(null)'>">
	<IDEDistributionContext: 0x84c85a080; archive = "<IDEArchive: 0x84b95c070>", distributionMethod="<IDEDistributionMethodiOSAppStoreDistribution: 0x84dc0b1f0>", team="<IDEProvisioningBasicTeam: 0x84b5f16e0; teamID='KR54WPJ24G', teamName='(null)'>">
	<IDEDistributionContext: 0x84c859e00; archive = "<IDEArchive: 0x84b95c070>", distributionMethod="<IDEDistributionMethodiOSAppStoreDistribution: 0x84dc0b1f0>", team="<IDEProvisioningBasicTeam: 0x84b5f16e0; teamID='KR54WPJ24G', teamName='(null)'>">
	<IDEDistributionContext: 0x84c858a00; archive = "<IDEArchive: 0x84b95c070>", distributionMethod="<IDEDistributionMethodiOSAppStoreDistribution: 0x84dc0b1f0>", team="<IDEProvisioningBasicTeam: 0x84b5f16e0; teamID='KR54WPJ24G', teamName='(null)'>">
	<IDEDistributionContext: 0x84c858780; archive = "<IDEArchive: 0x84b95c070>", distributionMethod="<IDEDistributionMethodiOSAppStoreDistribution: 0x84dc0b1f0>", team="<IDEProvisioningBasicTeam: 0x84b5f16e0; teamID='KR54WPJ24G', teamName='(null)'>">
	<IDEDistributionContext: 0x84c858500; archive = "<IDEArchive: 0x84b95c070>", distributionMethod="<IDEDistributionMethodiOSAppStoreDistribution: 0x84dc0b1f0>", team="<IDEProvisioningBasicTeam: 0x84b5f16e0; teamID='KR54WPJ24G', teamName='(null)'>">
	<IDEDistributionContext: 0x84c858280; archive = "<IDEArchive: 0x84b95c070>", distributionMethod="<IDEDistributionMethodiOSAppStoreDistribution: 0x84dc0b1f0>", team="(null)">
	<IDEDistributionContext: 0x84c858000; archive = "<IDEArchive: 0x84b95c070>", distributionMethod="<IDEDistributionMethodiOSAppStoreDistribution: 0x84dc0b1f0>", team="(null)">
	<IDEDistributionContext: 0x100eda9c0; archive = "<IDEArchive: 0x84b95c070>", distributionMethod="(null)", team="(null)">
</IDEDistributionProcessingPipelineContext: 0x84dcae100>
2026-09-03 19:39:33 +0000 [MT] Processing step: IDEDistributionCreateDestRootStep
2026-09-03 19:39:33 +0000 [MT] Processing step: IDEDistributionCopyItemStep
2026-09-03 19:39:33 +0000 [MT] Running /usr/bin/ditto '-V' '/Users/joshclark/Library/Developer/Xcode/Archives/2026-09-03/DisbandiOS 9-3-26, 3.36 PM.xcarchive/Products/Applications/DisbandiOS.app' '/var/folders/vz/s5kddrtn2md_v2lmw5l96qfr0000gn/T/XcodeDistPipeline.~~~sJ4R8d/Root/Payload/DisbandiOS.app'
2026-09-03 19:39:33 +0000  >>> Copying /Users/joshclark/Library/Developer/Xcode/Archives/2026-09-03/DisbandiOS 9-3-26, 3.36 PM.xcarchive/Products/Applications/DisbandiOS.app 
2026-09-03 19:39:33 +0000  copying file ./_CodeSignature/CodeResources ... 
2026-09-03 19:39:33 +0000  4415 bytes for ./_CodeSignature/CodeResources
2026-09-03 19:39:33 +0000  copying file ./DisbandiOS ... 
2026-09-03 19:39:33 +0000  4900768 bytes for ./DisbandiOS
2026-09-03 19:39:33 +0000  copying file ./AppIcon60x60@2x.png ... 
2026-09-03 19:39:33 +0000  2422 bytes for ./AppIcon60x60@2x.png
2026-09-03 19:39:33 +0000  copying file ./swift-crypto_Crypto.bundle/PrivacyInfo.xcprivacy ... 
2026-09-03 19:39:33 +0000  398 bytes for ./swift-crypto_Crypto.bundle/PrivacyInfo.xcprivacy
2026-09-03 19:39:33 +0000  copying file ./swift-crypto_Crypto.bundle/Info.plist ... 
2026-09-03 19:39:33 +0000  681 bytes for ./swift-crypto_Crypto.bundle/Info.plist
2026-09-03 19:39:33 +0000  copying file ./Assets.car ... 
2026-09-03 19:39:33 +0000  82120 bytes for ./Assets.car
2026-09-03 19:39:33 +0000  copying file ./AppIcon76x76@2x~ipad.png ... 
2026-09-03 19:39:33 +0000  3172 bytes for ./AppIcon76x76@2x~ipad.png
2026-09-03 19:39:33 +0000  copying file ./Frameworks/WebRTC.framework/_CodeSignature/CodeResources ... 
2026-09-03 19:39:33 +0000  2034 bytes for ./Frameworks/WebRTC.framework/_CodeSignature/CodeResources
2026-09-03 19:39:33 +0000  copying file ./Frameworks/WebRTC.framework/PrivacyInfo.xcprivacy ... 
2026-09-03 19:39:33 +0000  845 bytes for ./Frameworks/WebRTC.framework/PrivacyInfo.xcprivacy
2026-09-03 19:39:33 +0000  copying file ./Frameworks/WebRTC.framework/WebRTC ... 
2026-09-03 19:39:33 +0000  11981104 bytes for ./Frameworks/WebRTC.framework/WebRTC
2026-09-03 19:39:33 +0000  copying file ./Frameworks/WebRTC.framework/Info.plist ... 
2026-09-03 19:39:33 +0000  751 bytes for ./Frameworks/WebRTC.framework/Info.plist
2026-09-03 19:39:33 +0000  copying file ./embedded.mobileprovision ... 
2026-09-03 19:39:33 +0000  12232 bytes for ./embedded.mobileprovision
2026-09-03 19:39:33 +0000  copying file ./Info.plist ... 
2026-09-03 19:39:33 +0000  1524 bytes for ./Info.plist
2026-09-03 19:39:33 +0000  copying file ./PkgInfo ... 
2026-09-03 19:39:33 +0000  8 bytes for ./PkgInfo
2026-09-03 19:39:33 +0000 [MT] /usr/bin/ditto exited with 0
2026-09-03 19:39:33 +0000 [MT] Processing step: IDEDistributionEmbedProfileStep
2026-09-03 19:39:33 +0000 [MT] Skipping profile for item: <IDEDistributionItem: 0x84b5c8300; bundleID='org.webrtc.WebRTC', path='<DVTFilePath:0x84b490d90:'/Users/joshclark/Library/Developer/Xcode/Archives/2026-09-03/DisbandiOS 9-3-26, 3.36 PM.xcarchive/Products/Applications/DisbandiOS.app/Frameworks/WebRTC.framework'>', codeSigningInfo='<_DVTCodeSigningInformation_Path: 0x84b5c82a0; isSigned='1', isAdHocSigned='0', signingCertificate='<DVTSigningCertificate: 0x84b8b3c00; name='Apple Distribution: Genysis IQ LLC (KR54WPJ24G)', hash='5143E62318DD22CF8718BD15F44AEC93A3D800B8', serialNumber='2A94544C2933A49073659EA55E698E61', certificateKinds='(
    "1.2.840.113635.100.6.1.7",
    "1.2.840.113635.100.6.1.4"
), issueDate='2026-06-24 16:15:00 +0000''>', entitlements='(null)', teamID='KR54WPJ24G', identifier='org.webrtc.WebRTC', executablePath='<DVTFilePath:0x84b45bd20:'/Users/joshclark/Library/Developer/Xcode/Archives/2026-09-03/DisbandiOS 9-3-26, 3.36 PM.xcarchive/Products/Applications/DisbandiOS.app/Frameworks/WebRTC.framework/WebRTC'>', hardenedRuntime='0'>'>
2026-09-03 19:39:33 +0000 [MT] Processing step: IDEDistributionInfoPlistStep
2026-09-03 19:39:33 +0000 [MT] Skipping Info.plist step because item: <IDEDistributionItem: 0x84b5c8300; bundleID='org.webrtc.WebRTC', path='<DVTFilePath:0x84b490d90:'/Users/joshclark/Library/Developer/Xcode/Archives/2026-09-03/DisbandiOS 9-3-26, 3.36 PM.xcarchive/Products/Applications/DisbandiOS.app/Frameworks/WebRTC.framework'>', codeSigningInfo='<_DVTCodeSigningInformation_Path: 0x84b5c82a0; isSigned='1', isAdHocSigned='0', signingCertificate='<DVTSigningCertificate: 0x84b8b3c00; name='Apple Distribution: Genysis IQ LLC (KR54WPJ24G)', hash='5143E62318DD22CF8718BD15F44AEC93A3D800B8', serialNumber='2A94544C2933A49073659EA55E698E61', certificateKinds='(
    "1.2.840.113635.100.6.1.7",
    "1.2.840.113635.100.6.1.4"
), issueDate='2026-06-24 16:15:00 +0000''>', entitlements='(null)', teamID='KR54WPJ24G', identifier='org.webrtc.WebRTC', executablePath='<DVTFilePath:0x84b45bd20:'/Users/joshclark/Library/Developer/Xcode/Archives/2026-09-03/DisbandiOS 9-3-26, 3.36 PM.xcarchive/Products/Applications/DisbandiOS.app/Frameworks/WebRTC.framework/WebRTC'>', hardenedRuntime='0'>'> is a framework or embedded in a framework.
2026-09-03 19:39:33 +0000 [MT] Skipping setting DTXcodeBuildDistribution because toolsBuildVersionName was nil.
2026-09-03 19:39:33 +0000 [MT] Processing step: IDEDistributionItemRemovalStep
2026-09-03 19:39:33 +0000 [MT] Processing step: IDEDistributionAppThinningPlistStep
2026-09-03 19:39:33 +0000 [MT] Skipping step: IDEDistributionAppThinningPlistStep because it said so
2026-09-03 19:39:33 +0000 [MT] Processing step: IDEDistributionSymbolsStep
2026-09-03 19:39:34 +0000 [MT] Writing /var/folders/vz/s5kddrtn2md_v2lmw5l96qfr0000gn/T/XcodeDistPipeline.~~~sJ4R8d/Symbols/FFAE2D49-A5C6-3E55-B067-939CC6E8FB31.symbols
2026-09-03 19:39:34 +0000 [MT] Upload Symbols Failed
2026-09-03 19:39:34 +0000 [MT] Processing step: IDEDistributionCopyAppleProvidedContentStep
2026-09-03 19:39:34 +0000 [MT] Running /usr/bin/ditto '-V' '/Users/joshclark/Library/Developer/Xcode/Archives/2026-09-03/DisbandiOS 9-3-26, 3.36 PM.xcarchive/Signatures' '/var/folders/vz/s5kddrtn2md_v2lmw5l96qfr0000gn/T/XcodeDistPipeline.~~~sJ4R8d/Root/Signatures'
2026-09-03 19:39:34 +0000  >>> Copying /Users/joshclark/Library/Developer/Xcode/Archives/2026-09-03/DisbandiOS 9-3-26, 3.36 PM.xcarchive/Signatures 
2026-09-03 19:39:34 +0000  copying file ./WebRTC.xcframework-ios.signature ... 
2026-09-03 19:39:34 +0000  397 bytes for ./WebRTC.xcframework-ios.signature
2026-09-03 19:39:34 +0000 [MT] /usr/bin/ditto exited with 0
2026-09-03 19:39:34 +0000 [MT] Processing step: IDEDistributionAppThinningStep
2026-09-03 19:39:34 +0000 [MT] Skipping step: IDEDistributionAppThinningStep because it said so
2026-09-03 19:39:34 +0000 [MT] Processing step: IDEDistributionArchThinningStep
2026-09-03 19:39:34 +0000 [MT] Archs to thin for item /Users/joshclark/Library/Developer/Xcode/Archives/2026-09-03/DisbandiOS 9-3-26, 3.36 PM.xcarchive/Products/Applications/DisbandiOS.app/Frameworks/WebRTC.framework are []
2026-09-03 19:39:34 +0000 [MT] Archs to thin for item /Users/joshclark/Library/Developer/Xcode/Archives/2026-09-03/DisbandiOS 9-3-26, 3.36 PM.xcarchive/Products/Applications/DisbandiOS.app are []
2026-09-03 19:39:34 +0000 [MT] Processing step: IDEDistributionODRStep
2026-09-03 19:39:34 +0000 [MT] Processing step: IDEDistributionStripXattrsStep
2026-09-03 19:39:34 +0000 [MT] Skipping stripping extended attributes because the codesign step will strip them.
2026-09-03 19:39:34 +0000 [MT] Skipping stripping extended attributes because the codesign step will strip them.
2026-09-03 19:39:34 +0000 [MT] Processing step: IDEDistributionCodesignStep
2026-09-03 19:39:34 +0000 [MT] Entitlements for <IDEDistributionItem: 0x84b5c8300; bundleID='org.webrtc.WebRTC', path='<DVTFilePath:0x84b490d90:'/Users/joshclark/Library/Developer/Xcode/Archives/2026-09-03/DisbandiOS 9-3-26, 3.36 PM.xcarchive/Products/Applications/DisbandiOS.app/Frameworks/WebRTC.framework'>', codeSigningInfo='<_DVTCodeSigningInformation_Path: 0x84b5c82a0; isSigned='1', isAdHocSigned='0', signingCertificate='<DVTSigningCertificate: 0x84b8b3c00; name='Apple Distribution: Genysis IQ LLC (KR54WPJ24G)', hash='5143E62318DD22CF8718BD15F44AEC93A3D800B8', serialNumber='2A94544C2933A49073659EA55E698E61', certificateKinds='(
    "1.2.840.113635.100.6.1.7",
    "1.2.840.113635.100.6.1.4"
), issueDate='2026-06-24 16:15:00 +0000''>', entitlements='(null)', teamID='KR54WPJ24G', identifier='org.webrtc.WebRTC', executablePath='<DVTFilePath:0x84b45bd20:'/Users/joshclark/Library/Developer/Xcode/Archives/2026-09-03/DisbandiOS 9-3-26, 3.36 PM.xcarchive/Products/Applications/DisbandiOS.app/Frameworks/WebRTC.framework/WebRTC'>', hardenedRuntime='0'>'>: {
}
2026-09-03 19:39:34 +0000 [MT] Associated App Clip Identifiers Filter: Skipping because "com.apple.developer.associated-appclip-app-identifiers" is not present
2026-09-03 19:39:34 +0000 [MT] Entitlements for <IDEDistributionItem: 0x84b5c8300; bundleID='org.webrtc.WebRTC', path='<DVTFilePath:0x84b490d90:'/Users/joshclark/Library/Developer/Xcode/Archives/2026-09-03/DisbandiOS 9-3-26, 3.36 PM.xcarchive/Products/Applications/DisbandiOS.app/Frameworks/WebRTC.framework'>', codeSigningInfo='<_DVTCodeSigningInformation_Path: 0x84b5c82a0; isSigned='1', isAdHocSigned='0', signingCertificate='<DVTSigningCertificate: 0x84b8b2f40; name='Apple Distribution: Genysis IQ LLC (KR54WPJ24G)', hash='5143E62318DD22CF8718BD15F44AEC93A3D800B8', serialNumber='2A94544C2933A49073659EA55E698E61', certificateKinds='(
    "1.2.840.113635.100.6.1.7",
    "1.2.840.113635.100.6.1.4"
), issueDate='2026-06-24 16:15:00 +0000''>', entitlements='(null)', teamID='KR54WPJ24G', identifier='org.webrtc.WebRTC', executablePath='<DVTFilePath:0x84b45bd20:'/Users/joshclark/Library/Developer/Xcode/Archives/2026-09-03/DisbandiOS 9-3-26, 3.36 PM.xcarchive/Products/Applications/DisbandiOS.app/Frameworks/WebRTC.framework/WebRTC'>', hardenedRuntime='0'>'> are: {
}
2026-09-03 19:39:34 +0000 [MT] Writing entitlements for <IDEDistributionItem: 0x84b5c8300; bundleID='org.webrtc.WebRTC', path='<DVTFilePath:0x84b490d90:'/Users/joshclark/Library/Developer/Xcode/Archives/2026-09-03/DisbandiOS 9-3-26, 3.36 PM.xcarchive/Products/Applications/DisbandiOS.app/Frameworks/WebRTC.framework'>', codeSigningInfo='<_DVTCodeSigningInformation_Path: 0x84b5c82a0; isSigned='1', isAdHocSigned='0', signingCertificate='<DVTSigningCertificate: 0x84b8b2f40; name='Apple Distribution: Genysis IQ LLC (KR54WPJ24G)', hash='5143E62318DD22CF8718BD15F44AEC93A3D800B8', serialNumber='2A94544C2933A49073659EA55E698E61', certificateKinds='(
    "1.2.840.113635.100.6.1.7",
    "1.2.840.113635.100.6.1.4"
), issueDate='2026-06-24 16:15:00 +0000''>', entitlements='(null)', teamID='KR54WPJ24G', identifier='org.webrtc.WebRTC', executablePath='<DVTFilePath:0x84b45bd20:'/Users/joshclark/Library/Developer/Xcode/Archives/2026-09-03/DisbandiOS 9-3-26, 3.36 PM.xcarchive/Products/Applications/DisbandiOS.app/Frameworks/WebRTC.framework/WebRTC'>', hardenedRuntime='0'>'> to: /var/folders/vz/s5kddrtn2md_v2lmw5l96qfr0000gn/T/XcodeDistPipeline.~~~sJ4R8d/entitlements~~~ZNkyIX
2026-09-03 19:39:34 +0000 [MT] invoking codesign: <NSConcreteTask: 0x84dfe2f30; launchPath='/usr/bin/codesign', arguments='(
    "-f",
    "-s",
    5143E62318DD22CF8718BD15F44AEC93A3D800B8,
    "--entitlements",
    "/var/folders/vz/s5kddrtn2md_v2lmw5l96qfr0000gn/T/XcodeDistPipeline.~~~sJ4R8d/entitlements~~~ZNkyIX",
    "--preserve-metadata=identifier,flags,runtime,launch-constraints,library-constraints",
    "--generate-entitlement-der",
    "--strip-disallowed-xattrs",
    "-vvv",
    "/var/folders/vz/s5kddrtn2md_v2lmw5l96qfr0000gn/T/XcodeDistPipeline.~~~sJ4R8d/Root/Payload/DisbandiOS.app/Frameworks/WebRTC.framework"
)'>
2026-09-03 19:39:34 +0000 [MT] codesign output: /var/folders/vz/s5kddrtn2md_v2lmw5l96qfr0000gn/T/XcodeDistPipeline.~~~sJ4R8d/Root/Payload/DisbandiOS.app/Frameworks/WebRTC.framework: replacing existing signature
/var/folders/vz/s5kddrtn2md_v2lmw5l96qfr0000gn/T/XcodeDistPipeline.~~~sJ4R8d/Root/Payload/DisbandiOS.app/Frameworks/WebRTC.framework: signed bundle with Mach-O universal (arm64) [org.webrtc.WebRTC]
2026-09-03 19:39:34 +0000 [MT] Entitlements for <IDEDistributionItem: 0x84b5c8360; bundleID='com.wsgpolar.disband', path='<DVTFilePath:0x84cea0180:'/Users/joshclark/Library/Developer/Xcode/Archives/2026-09-03/DisbandiOS 9-3-26, 3.36 PM.xcarchive/Products/Applications/DisbandiOS.app'>', codeSigningInfo='<_DVTCodeSigningInformation_Path: 0x84b5c83c0; isSigned='1', isAdHocSigned='0', signingCertificate='<DVTSigningCertificate: 0x84b8b3c00; name='Apple Distribution: Genysis IQ LLC (KR54WPJ24G)', hash='5143E62318DD22CF8718BD15F44AEC93A3D800B8', serialNumber='2A94544C2933A49073659EA55E698E61', certificateKinds='(
    "1.2.840.113635.100.6.1.7",
    "1.2.840.113635.100.6.1.4"
), issueDate='2026-06-24 16:15:00 +0000''>', entitlements='{
    "application-identifier" = "KR54WPJ24G.com.wsgpolar.disband";
    "aps-environment" = production;
    "beta-reports-active" = 1;
    "com.apple.developer.team-identifier" = KR54WPJ24G;
    "get-task-allow" = 0;
}', teamID='KR54WPJ24G', identifier='com.wsgpolar.disband', executablePath='<DVTFilePath:0x84b45b5a0:'/Users/joshclark/Library/Developer/Xcode/Archives/2026-09-03/DisbandiOS 9-3-26, 3.36 PM.xcarchive/Products/Applications/DisbandiOS.app/DisbandiOS'>', hardenedRuntime='0'>'>: {
    "application-identifier" = "KR54WPJ24G.com.wsgpolar.disband";
    "aps-environment" = production;
    "beta-reports-active" = 1;
    "com.apple.developer.team-identifier" = KR54WPJ24G;
    "get-task-allow" = 0;
}
2026-09-03 19:39:34 +0000 [MT] Associated App Clip Identifiers Filter: Skipping because "com.apple.developer.associated-appclip-app-identifiers" is not present
2026-09-03 19:39:34 +0000 [MT] Entitlements for <IDEDistributionItem: 0x84b5c8360; bundleID='com.wsgpolar.disband', path='<DVTFilePath:0x84cea0180:'/Users/joshclark/Library/Developer/Xcode/Archives/2026-09-03/DisbandiOS 9-3-26, 3.36 PM.xcarchive/Products/Applications/DisbandiOS.app'>', codeSigningInfo='<_DVTCodeSigningInformation_Path: 0x84b5c83c0; isSigned='1', isAdHocSigned='0', signingCertificate='<DVTSigningCertificate: 0x84b8b2f40; name='Apple Distribution: Genysis IQ LLC (KR54WPJ24G)', hash='5143E62318DD22CF8718BD15F44AEC93A3D800B8', serialNumber='2A94544C2933A49073659EA55E698E61', certificateKinds='(
    "1.2.840.113635.100.6.1.7",
    "1.2.840.113635.100.6.1.4"
), issueDate='2026-06-24 16:15:00 +0000''>', entitlements='{
    "application-identifier" = "KR54WPJ24G.com.wsgpolar.disband";
    "aps-environment" = production;
    "beta-reports-active" = 1;
    "com.apple.developer.team-identifier" = KR54WPJ24G;
    "get-task-allow" = 0;
}', teamID='KR54WPJ24G', identifier='com.wsgpolar.disband', executablePath='<DVTFilePath:0x84b45b5a0:'/Users/joshclark/Library/Developer/Xcode/Archives/2026-09-03/DisbandiOS 9-3-26, 3.36 PM.xcarchive/Products/Applications/DisbandiOS.app/DisbandiOS'>', hardenedRuntime='0'>'> are: {
    "application-identifier" = "KR54WPJ24G.com.wsgpolar.disband";
    "aps-environment" = production;
    "beta-reports-active" = 1;
    "com.apple.developer.team-identifier" = KR54WPJ24G;
    "get-task-allow" = 0;
}
2026-09-03 19:39:34 +0000 [MT] Writing entitlements for <IDEDistributionItem: 0x84b5c8360; bundleID='com.wsgpolar.disband', path='<DVTFilePath:0x84cea0180:'/Users/joshclark/Library/Developer/Xcode/Archives/2026-09-03/DisbandiOS 9-3-26, 3.36 PM.xcarchive/Products/Applications/DisbandiOS.app'>', codeSigningInfo='<_DVTCodeSigningInformation_Path: 0x84b5c83c0; isSigned='1', isAdHocSigned='0', signingCertificate='<DVTSigningCertificate: 0x84b8b2f40; name='Apple Distribution: Genysis IQ LLC (KR54WPJ24G)', hash='5143E62318DD22CF8718BD15F44AEC93A3D800B8', serialNumber='2A94544C2933A49073659EA55E698E61', certificateKinds='(
    "1.2.840.113635.100.6.1.7",
    "1.2.840.113635.100.6.1.4"
), issueDate='2026-06-24 16:15:00 +0000''>', entitlements='{
    "application-identifier" = "KR54WPJ24G.com.wsgpolar.disband";
    "aps-environment" = production;
    "beta-reports-active" = 1;
    "com.apple.developer.team-identifier" = KR54WPJ24G;
    "get-task-allow" = 0;
}', teamID='KR54WPJ24G', identifier='com.wsgpolar.disband', executablePath='<DVTFilePath:0x84b45b5a0:'/Users/joshclark/Library/Developer/Xcode/Archives/2026-09-03/DisbandiOS 9-3-26, 3.36 PM.xcarchive/Products/Applications/DisbandiOS.app/DisbandiOS'>', hardenedRuntime='0'>'> to: /var/folders/vz/s5kddrtn2md_v2lmw5l96qfr0000gn/T/XcodeDistPipeline.~~~sJ4R8d/entitlements~~~1PAg32
2026-09-03 19:39:34 +0000 [MT] invoking codesign: <NSConcreteTask: 0x84dfe3070; launchPath='/usr/bin/codesign', arguments='(
    "-f",
    "-s",
    5143E62318DD22CF8718BD15F44AEC93A3D800B8,
    "--entitlements",
    "/var/folders/vz/s5kddrtn2md_v2lmw5l96qfr0000gn/T/XcodeDistPipeline.~~~sJ4R8d/entitlements~~~1PAg32",
    "--preserve-metadata=identifier,flags,runtime,launch-constraints,library-constraints",
    "--generate-entitlement-der",
    "--strip-disallowed-xattrs",
    "-vvv",
    "/var/folders/vz/s5kddrtn2md_v2lmw5l96qfr0000gn/T/XcodeDistPipeline.~~~sJ4R8d/Root/Payload/DisbandiOS.app"
)'>
2026-09-03 19:39:34 +0000 [MT] codesign output: /var/folders/vz/s5kddrtn2md_v2lmw5l96qfr0000gn/T/XcodeDistPipeline.~~~sJ4R8d/Root/Payload/DisbandiOS.app: replacing existing signature
/var/folders/vz/s5kddrtn2md_v2lmw5l96qfr0000gn/T/XcodeDistPipeline.~~~sJ4R8d/Root/Payload/DisbandiOS.app: signed app bundle with Mach-O thin (arm64) [com.wsgpolar.disband]
2026-09-03 19:39:34 +0000 [MT] Processing step: IDEDistributionZipODRItemStep
2026-09-03 19:39:34 +0000 [MT] Skipping step: IDEDistributionZipODRItemStep because it said so
2026-09-03 19:39:34 +0000 [MT] Skipping step: IDEDistributionZipODRItemStep because it said so
2026-09-03 19:39:34 +0000 [MT] Processing step: IDEDistributionCreateIPAStep
2026-09-03 19:39:34 +0000 [MT] Running /usr/bin/rsync '-8aPhhE' '/var/folders/vz/s5kddrtn2md_v2lmw5l96qfr0000gn/T/XcodeDistPipeline.~~~sJ4R8d/Symbols' '--link-dest' '/var/folders/vz/s5kddrtn2md_v2lmw5l96qfr0000gn/T/XcodeDistPipeline.~~~sJ4R8d' '/var/folders/vz/s5kddrtn2md_v2lmw5l96qfr0000gn/T/XcodeDistPipeline.~~~sJ4R8d/Root'
2026-09-03 19:39:34 +0000  Symbols/
._Symbols
            163 170%    1.33MB/s   00:00:00 (xfer#1, to-check=0/4)
2026-09-03 19:39:34 +0000  Symbols/FFAE2D49-A5C6-3E55-B067-939CC6E8FB31.symbols
Symbols/._FFAE2D49-A5C6-3E55-B067-939CC6E8FB31.symbols
            163   0%  271.18KB/s   00:00:00 (xfer#2, to-check=2/4)
2026-09-03 19:39:34 +0000 [MT] /usr/bin/rsync exited with 0
2026-09-03 19:39:34 +0000 [MT] Running /usr/bin/ditto '-V' '-c' '-k' '--norsrc' '/var/folders/vz/s5kddrtn2md_v2lmw5l96qfr0000gn/T/XcodeDistPipeline.~~~sJ4R8d/Root' '/var/folders/vz/s5kddrtn2md_v2lmw5l96qfr0000gn/T/XcodeDistPipeline.~~~sJ4R8d/Packages/DisbandiOS.ipa'
2026-09-03 19:39:34 +0000  >>> Copying /var/folders/vz/s5kddrtn2md_v2lmw5l96qfr0000gn/T/XcodeDistPipeline.~~~sJ4R8d/Root 
2026-09-03 19:39:34 +0000  copying file ./Signatures/WebRTC.xcframework-ios.signature ... 
2026-09-03 19:39:34 +0000  397 bytes for ./Signatures/WebRTC.xcframework-ios.signature
2026-09-03 19:39:34 +0000  copying file ./Payload/DisbandiOS.app/_CodeSignature/CodeResources ... 
2026-09-03 19:39:34 +0000  4415 bytes for ./Payload/DisbandiOS.app/_CodeSignature/CodeResources
2026-09-03 19:39:34 +0000  copying file ./Payload/DisbandiOS.app/DisbandiOS ... 
2026-09-03 19:39:34 +0000  4900768 bytes for ./Payload/DisbandiOS.app/DisbandiOS
2026-09-03 19:39:34 +0000  copying file ./Payload/DisbandiOS.app/AppIcon60x60@2x.png ... 
2026-09-03 19:39:34 +0000  2422 bytes for ./Payload/DisbandiOS.app/AppIcon60x60@2x.png
2026-09-03 19:39:34 +0000  copying file ./Payload/DisbandiOS.app/swift-crypto_Crypto.bundle/PrivacyInfo.xcprivacy ... 
2026-09-03 19:39:34 +0000  398 bytes for ./Payload/DisbandiOS.app/swift-crypto_Crypto.bundle/PrivacyInfo.xcprivacy
2026-09-03 19:39:34 +0000  copying file ./Payload/DisbandiOS.app/swift-crypto_Crypto.bundle/Info.plist ... 
2026-09-03 19:39:34 +0000  681 bytes for ./Payload/DisbandiOS.app/swift-crypto_Crypto.bundle/Info.plist
2026-09-03 19:39:34 +0000  copying file ./Payload/DisbandiOS.app/Assets.car ... 
2026-09-03 19:39:34 +0000  82120 bytes for ./Payload/DisbandiOS.app/Assets.car
2026-09-03 19:39:34 +0000  copying file ./Payload/DisbandiOS.app/AppIcon76x76@2x~ipad.png ... 
2026-09-03 19:39:34 +0000  3172 bytes for ./Payload/DisbandiOS.app/AppIcon76x76@2x~ipad.png
2026-09-03 19:39:34 +0000  copying file ./Payload/DisbandiOS.app/Frameworks/WebRTC.framework/_CodeSignature/CodeResources ... 
2026-09-03 19:39:34 +0000  2034 bytes for ./Payload/DisbandiOS.app/Frameworks/WebRTC.framework/_CodeSignature/CodeResources
2026-09-03 19:39:34 +0000  copying file ./Payload/DisbandiOS.app/Frameworks/WebRTC.framework/PrivacyInfo.xcprivacy ... 
2026-09-03 19:39:34 +0000  845 bytes for ./Payload/DisbandiOS.app/Frameworks/WebRTC.framework/PrivacyInfo.xcprivacy
2026-09-03 19:39:34 +0000  copying file ./Payload/DisbandiOS.app/Frameworks/WebRTC.framework/WebRTC ... 
2026-09-03 19:39:34 +0000  11981104 bytes for ./Payload/DisbandiOS.app/Frameworks/WebRTC.framework/WebRTC
2026-09-03 19:39:34 +0000  copying file ./Payload/DisbandiOS.app/Frameworks/WebRTC.framework/Info.plist ... 
751 bytes for ./Payload/DisbandiOS.app/Frameworks/WebRTC.framework/Info.plist
copying file ./Payload/DisbandiOS.app/embedded.mobileprovision ... 
2026-09-03 19:39:34 +0000  12232 bytes for ./Payload/DisbandiOS.app/embedded.mobileprovision
2026-09-03 19:39:34 +0000  copying file ./Payload/DisbandiOS.app/Info.plist ... 
2026-09-03 19:39:34 +0000  1524 bytes for ./Payload/DisbandiOS.app/Info.plist
2026-09-03 19:39:34 +0000  copying file ./Payload/DisbandiOS.app/PkgInfo ... 
2026-09-03 19:39:34 +0000  8 bytes for ./Payload/DisbandiOS.app/PkgInfo
2026-09-03 19:39:34 +0000  copying file ./Symbols/FFAE2D49-A5C6-3E55-B067-939CC6E8FB31.symbols ... 
2026-09-03 19:39:34 +0000  12625276 bytes for ./Symbols/FFAE2D49-A5C6-3E55-B067-939CC6E8FB31.symbols
2026-09-03 19:39:34 +0000 [MT] /usr/bin/ditto exited with 0
2026-09-03 19:39:34 +0000 [MT] Processing step: IDEDistributionAppStoreInformationStep
2026-09-03 19:39:34 +0000 [MT] Skipping step: IDEDistributionAppStoreInformationStep because it said so
2026-09-03 19:39:34 +0000 [MT] Processing step: IDEDistributionGenerateProcessedDistributionItems
2026-09-03 19:39:34 +0000 [MT] IDEDistributionItem init <DVTFilePath:0x84b188d90:'/var/folders/vz/s5kddrtn2md_v2lmw5l96qfr0000gn/T/XcodeDistPipeline.~~~sJ4R8d/Root/Payload/DisbandiOS.app/Frameworks/WebRTC.framework'>
2026-09-03 19:39:34 +0000 [MT] IDEDistributionItem init <DVTFilePath:0x84b5c93e0:'/var/folders/vz/s5kddrtn2md_v2lmw5l96qfr0000gn/T/XcodeDistPipeline.~~~sJ4R8d/Root/Payload/DisbandiOS.app'>
2026-09-03 19:39:34 +0000 [MT] Processing step: IDEDistributionCreateManifestStep
2026-09-03 19:39:34 +0000 [MT] Skipping step: IDEDistributionCreateManifestStep because it said so
